// Package conflicttest contains generated code by adptool.
package conflicttest

import (
	"context"

	source1 "github.com/origadmin/adptool/testdata/sourcepkg"
	source2 "github.com/origadmin/adptool/testdata/sourcepkg2"
)

const (
	ExportedConstant = source1.ExportedConstant
	MaxRetries       = source1.MaxRetries
	DefaultTimeout   = source2.DefaultTimeout
	MaxRetries1      = source2.MaxRetries
	Version          = source2.Version
)

var (
	ConfigValue      = source1.ConfigValue
	ExportedVariable = source1.ExportedVariable
	ConfigValue1     = source2.ConfigValue
	DefaultWorker    = source2.DefaultWorker
	StatsCounter     = source2.StatsCounter
)

type (
	CommonStruct      = source1.CommonStruct
	ExportedInterface = source1.ExportedInterface
	ExportedType      = source1.ExportedType
	MyStruct          = source1.MyStruct
	CommonStruct1     = source2.CommonStruct
	ComplexInterface  = source2.ComplexInterface
	InputData         = source2.InputData
	OutputData        = source2.OutputData
	Worker            = source2.Worker
)

func CommonFunction() string {
	return source1.CommonFunction()
}

func ExportedFunction() {
	source1.ExportedFunction()
}

func CommonFunction1() string {
	return source2.CommonFunction()
}

func Execute(ctx context.Context, api source2.ComplexInterface, input *source2.InputData) (*source2.OutputData, error) {
	return source2.Execute(ctx, api, input)
}

func NewWorker(name string) *source2.Worker {
	return source2.NewWorker(name)
}
